python : ..F
At line:1 char:1
+ python 
backend/test_ai.py > 
test_output.txt 2>&1
+ ~~~~~~~~~~~~~~~~~~~~
~~~~~~~~~~~~~~~~~~~~~~
~~~~~~
    + CategoryInfo    
          : NotSpeci  
  fied: (..F:String   
 ) [], RemoteExcep    
tion
    + FullyQualifiedE 
   rrorId : NativeCo  
  mmandError
 
Loading embedding model (intfloat/multilingual-e5-small)...
Embedding model loaded successfully.
WARNING: AI_API_KEY not found in environment variables.

[Test] Embedding Model Loading...
Success: Model loaded.

[Test] Question Generation (Mock)...
WARNING: AI_API_KEY not found in environment variables.
Generated Question: {'encoded_sentence': 'Test Encoded', 'original_meaning': 'Test Meaning', 'difficulty_level': 1}

[Test] Similarity Check...
Same word similarity: {'similarity_score': 100, 'is_correct': True, 'feedback': '정확합니다! 문맥을 완벽하게 파악하셨네요.'}
Similar meaning similarity: {'similarity_score': 87, 'is_correct': True, 'feedback': '정확합니다! 문맥을 완벽하게 파악하셨네요.'}
Different meaning similarity: {'similarity_score': 81, 'is_correct': True, 'feedback': '정확합니다! 문맥을 완벽하게 파악하셨네요.'}
======================
======================
======================
====
FAIL: 
test_similarity_check 
(__main__.TestAIIntegr
ation)
유사도 판별 로직 테스트
----------------------
----------------------
----------------------
----
Traceback (most 
recent call last):
  File "C:\Users\PC\De
sktop\Context_Hunter_W
Login\backend\test_ai.
py", line 48, in 
test_similarity_check
    self.assertLess(re
sult_diff['similarity_
score'], 80, 
"Different words 
should have low 
score")
AssertionError: 81 
not less than 80 : 
Different words 
should have low score

----------------------
----------------------
----------------------
----
Ran 3 tests in 0.077s

FAILED (failures=1)
